#[[ circlize : Exclude from tflite-to-circle conversion(tflite2circle) ]]
## TensorFlowLiteRecipes

## CircleRecipes

#[[ optimize : Exclude from circle optimization(circle2circle) ]]
## TensorFlowLiteRecipes
optimize(UnidirectionalSequenceLSTM_000) # This will be removed after all luci components done.
optimize(UnidirectionalSequenceLSTM_001) # This recipe contains is_variable Tensor

## CircleRecipes

#[[ tcgenerate : Exclude from test data generation(TestDataGenerator) ]]
## TensorFlowLiteRecipes
tcgenerate(Abs_000)
tcgenerate(AddN_000)
tcgenerate(Add_001) # runtime doesn't support
tcgenerate(Add_U8_000)
tcgenerate(All_000)
tcgenerate(ArgMax_U8_000) 
tcgenerate(ArgMax_U8_001)
tcgenerate(ArgMax_U8_002)
tcgenerate(ArgMax_U8_003)
tcgenerate(ArgMin_000)
tcgenerate(ArgMin_001)
tcgenerate(ArgMin_002)
tcgenerate(ArgMin_003)
tcgenerate(ArgMin_U8_000)
tcgenerate(ArgMin_U8_001)
tcgenerate(ArgMin_U8_002)
tcgenerate(ArgMin_U8_003)
tcgenerate(BatchMatMul_000)
tcgenerate(BatchMatMulV2_000)
tcgenerate(BatchMatMulV2_001)
tcgenerate(BatchToSpaceND_000)
tcgenerate(Cast_000)
tcgenerate(Cast_001)
tcgenerate(Ceil_000)
tcgenerate(Concatenation_U8_000)
tcgenerate(Conv2D_003) # runtime doesn't support dilation
tcgenerate(Conv2D_U8_000)
tcgenerate(Conv2D_U8_001)
tcgenerate(Cos_000)
tcgenerate(DepthwiseConv2D_001) # runtime doesn't support dilation
tcgenerate(DepthwiseConv2D_003) # runtime doesn't support dilation
tcgenerate(DepthwiseConv2D_U8_000)
tcgenerate(DepthwiseConv2D_U8_001)  # luci-interpreter doesn't support channel-wise quantization yet
tcgenerate(Dequantize_000)  # runtime and luci-interpreter doesn't support Dequantize op yet
tcgenerate(Div_000)
tcgenerate(Equal_000)
tcgenerate(Exp_000)
tcgenerate(ExpandDims_000)
tcgenerate(ExpandDims_001)
tcgenerate(ExpandDims_002)
tcgenerate(ExpandDims_003)
tcgenerate(Fill_000)
tcgenerate(Fill_001)
tcgenerate(Floor_000)
tcgenerate(FloorDiv_000)
tcgenerate(FloorDiv_001)
tcgenerate(FloorMod_000)
tcgenerate(FloorMod_001)
tcgenerate(FullyConnected_002)
tcgenerate(FullyConnected_U8_000)
tcgenerate(Gather_000)
tcgenerate(GatherNd_000)
tcgenerate(GatherNd_001)
tcgenerate(Greater_000)
tcgenerate(GreaterEqual_000)
tcgenerate(If_000)
tcgenerate(If_001)
tcgenerate(L2Pool2D_U8_000)
tcgenerate(Less_000)
tcgenerate(LessEqual_000)
tcgenerate(Log_000)
tcgenerate(LogicalAnd_000)
tcgenerate(LogicalNot_000)
tcgenerate(LogicalOr_000)
tcgenerate(LogSoftmax_000)
tcgenerate(MatMul_000)
tcgenerate(MatrixBandPart_000)
tcgenerate(MatrixDiag_000)
tcgenerate(MatrixSetDiag_000)
tcgenerate(Maximum_000)
tcgenerate(MaxPool2D_U8_000)
tcgenerate(Mean_U8_000)
tcgenerate(Minimum_000)
tcgenerate(NonMaxSuppressionV4_000)
tcgenerate(NonMaxSuppressionV4_001)
tcgenerate(NonMaxSuppressionV5_000)
tcgenerate(NonMaxSuppressionV5_001)
tcgenerate(MirrorPad_000)
tcgenerate(Mul_U8_000)
tcgenerate(Neg_000)
tcgenerate(Net_Dangle_001)
tcgenerate(Net_InstanceNorm_001)
tcgenerate(Net_InstanceNorm_002)
tcgenerate(Net_ZeroDim_001) # luci-interpreter doesn't support zero dim
tcgenerate(NotEqual_000)
tcgenerate(OneHot_000)
tcgenerate(OneHot_001)
tcgenerate(OneHot_002)
tcgenerate(OneHot_003)
tcgenerate(Pack_000)
tcgenerate(Pack_U8_000)
tcgenerate(Pad_U8_000)
tcgenerate(PadV2_000)
tcgenerate(Pow_000)
tcgenerate(Range_000)
tcgenerate(Rank_000)
tcgenerate(ReduceAny_000)
tcgenerate(ReduceAny_001)
tcgenerate(ReduceAny_002)
tcgenerate(ReduceAny_003)
tcgenerate(ReduceMax_000)
tcgenerate(ReduceMin_000)
tcgenerate(ReduceProd_000)
tcgenerate(ReduceProd_001)
tcgenerate(ReduceProd_002)
tcgenerate(ReduceProd_003)
tcgenerate(ReLU_000)
tcgenerate(ReLU6_000)
tcgenerate(ReLUN1To1_000)
tcgenerate(Reshape_003) # luci-interpreter doesn't support reshape without built-in option
tcgenerate(Reshape_U8_000)
tcgenerate(ResizeBilinear_000)
tcgenerate(ResizeBilinear_U8_000) # luci-interpreter
tcgenerate(ResizeNearestNeighbor_000)
tcgenerate(ReverseSequence_000)
tcgenerate(ReverseV2_000)
tcgenerate(Round_000)
tcgenerate(ScatterNd_000)
tcgenerate(SegmentSum_000)
tcgenerate(Select_000)
tcgenerate(Select_001)
tcgenerate(Select_002)
tcgenerate(SelectV2_000)
tcgenerate(SelectV2_001)
tcgenerate(SelectV2_002)
tcgenerate(Shape_000)
tcgenerate(Sin_000)
tcgenerate(Softmax_U8_000)
tcgenerate(SpaceToBatchND_000)
tcgenerate(SpaceToBatchND_001)
tcgenerate(SpaceToBatchND_002)
tcgenerate(SpaceToBatchND_003)
tcgenerate(SparseToDense_000)
tcgenerate(SplitV_000)
tcgenerate(Square_000)
tcgenerate(SquaredDifference_000)
tcgenerate(Sub_000)
tcgenerate(Sub_001)
tcgenerate(Sub_U8_000)
tcgenerate(Sum_000)
tcgenerate(Sum_001)
tcgenerate(Tile_000)
tcgenerate(Tile_U8_000)
tcgenerate(TopKV2_000)
tcgenerate(TopKV2_001)
tcgenerate(UnidirectionalSequenceLSTM_000) # runtime and luci-interpreter doesn't support UnidirectionalSequenceLSTM op yet
tcgenerate(UnidirectionalSequenceLSTM_001) # runtime and luci-interpreter doesn't support UnidirectionalSequenceLSTM op yet
tcgenerate(Unique_000)
tcgenerate(Unique_001)
tcgenerate(Unique_002)
tcgenerate(Unique_003)
tcgenerate(Unique_U8_000)
tcgenerate(Unique_U8_001)
tcgenerate(Where_000)
tcgenerate(Where_001)
tcgenerate(While_000)
tcgenerate(While_001)
tcgenerate(While_002)
tcgenerate(While_003)
tcgenerate(YUV_TO_RGB_000)
tcgenerate(YUV_TO_RGB_U8_000)
tcgenerate(ZerosLike_000)

## CircleRecipes
tcgenerate(BCQFullyConnected_000)
tcgenerate(BCQFullyConnected_001)
tcgenerate(BCQGather_000)
tcgenerate(CircleBatchMatMul_000)
tcgenerate(InstanceNorm_000)
