addTest(Add_002 layer uint8)
addTest(Add_002 channel int16)
addTest(AveragePool2D_000 layer uint8)
addTest(AveragePool2D_000 channel int16)
addTest(Concatenation_001 layer uint8)
addTest(Concatenation_001 channel int16)
addTest(Conv2D_004 channel uint8)
addTest(Conv2D_004 channel int16)
addTest(Conv2D_004 layer uint8)
addTest(DepthwiseConv2D_002 channel uint8)
addTest(DepthwiseConv2D_002 channel int16)
addTest(DepthwiseConv2D_002 layer uint8)
addTest(FullyConnected_003 channel uint8)
addTest(FullyConnected_003 channel int16)
addTest(FullyConnected_003 layer uint8)
addTest(InstanceNorm_001 layer uint8)
addTest(InstanceNorm_001 channel uint8)
addTest(Mean_000 layer uint8)
addTest(Mean_000 channel int16)
addTest(MaxPool2D_000 layer uint8)
addTest(MaxPool2D_000 channel int16)
addTest(Mul_001 layer uint8)
addTest(Mul_001 channel int16)
addTest(PRelu_001 layer uint8)
addTest(PRelu_001 channel uint8)
addTest(PRelu_001 channel int16)
addTest(ReLU_000 layer uint8)
addTest(ReLU_000 channel int16)
addTest(Split_000 channel uint8)
addTest(Split_000 channel int16)
addTest(TransposeConv_001 channel uint8)
addTest(TransposeConv_001 channel int16)
addTest(TransposeConv_001 layer uint8)

addQConfTest(Add_002 layer uint8)
addQConfTest(Add_002 channel int16)
addQConfTest(AveragePool2D_000 layer uint8)
addQConfTest(AveragePool2D_000 channel int16)
addQConfTest(Concatenation_001 layer uint8)
addQConfTest(Concatenation_001 channel int16)
addQConfTest(Conv2D_004 channel int16)
addQConfTest(Conv2D_004 layer uint8)
addQConfTest(DepthwiseConv2D_002 channel int16)
addQConfTest(DepthwiseConv2D_002 layer uint8)
addQConfTest(FullyConnected_003 channel int16)
addQConfTest(FullyConnected_003 layer uint8)
#addQConfTest(InstanceNorm_001 layer uint8)    Enable this when int16 CWQ data is ready.
#addQConfTest(InstanceNorm_001 channel int16)  Enable this when int16 CWQ data is ready.
addQConfTest(Mean_000 layer uint8)
addQConfTest(Mean_000 channel int16)
addQConfTest(MaxPool2D_000 layer uint8)
addQConfTest(MaxPool2D_000 channel int16)
addQConfTest(Mul_001 layer uint8)
addQConfTest(Mul_001 channel int16)
addQConfTest(PRelu_001 layer uint8)
addQConfTest(PRelu_001 channel int16)
addQConfTest(ReLU_000 layer uint8)
addQConfTest(ReLU_000 channel int16)
addQConfTest(Split_000 channel uint8)
addQConfTest(Split_000 channel int16)
addQConfTest(TransposeConv_001 channel int16)
addQConfTest(TransposeConv_001 layer uint8)

addWeightsOnlyTest(Conv2D_004 channel int8)
addWeightsOnlyTest(Conv2D_004 channel int16)
